 0 module ``
  1 import `import React, { useState } from 'react';`
  1 comment `// Define a type for the props`
  1 class `interface MyComponentProps {\n  initialCount?: number;\n}`
  1 comment `// Define the component`
  1 code `const MyComponent: React.FC<MyComponentProps>`
   2 code `=`
   2 code `({ initialCount = 0 }) =>`
    3 block_delimiter `{`
    3 comment `// Use a state variable`
    3 code `const [count, setCount]`
     4 code `=`
     4 code `useState(initialCount)`
     4 code `;`
    3 code `const resetCount`
     4 code `=`
     4 code `() =>`
      5 block_delimiter `{`
      5 code `setCount(initialCount);`
      5 block_delimiter `}`
     4 code `;`
    3 statement `return`
     4 code ``
      5 block_delimiter `(`
      5 code `<div>`
       6 code ``
       6 code `<p>`
        7 code `You clicked`
        7 code `{count}`
        7 code `times`
        7 code `</p>`
       6 code ``
       6 code `<button onClick={() => setCount(count + 1)}>`
        7 code `Click me`
        7 code `</button>`
       6 code ``
       6 code `</div>`
      5 block_delimiter `)`
     4 code `;`
    3 block_delimiter `}`
  1 code `export default MyComponent;`
  1 space ``
